// Vitest Snapshot v1, https://vitest.dev/guide/snapshot.html

exports[`GifsApp > should render component properly 1`] = `
<div>
  <div
    class="content-center"
  >
    <h1>
      Buscador de gifs
    </h1>
    <div>
      <p
        data-testid="p-desc"
      >
        Descubre y comparte el gif perfecto
      </p>
    </div>
  </div>
  <div
    class="search-container"
  >
    <input
      placeholder="Buscar un gif..."
      type="text"
      value=""
    />
    <button>
      Buscar
    </button>
  </div>
  <div
    class="previous-searches"
  >
    <h2>
      BÃºsquedas previas
    </h2>
    <ul
      class="previous-searches-list"
    />
  </div>
  <div
    class="gifs-container"
  />
</div>
`;
